Script started on Tue 26 Nov 2013 11:18:11 PM PST
~
khsie003@well $ cd cs100/hw/hw7
~/cs100/hw/hw7
khsie003@well $ echo testing for [K[K[K[K[K[K[K[K[K[K[K[Kcat REa[KAD[K[K[K[K[K[K[K[K[K[K[K[K[Kcat RE[K[K[K[K[K[Kecho testing for my_shell
testing for my_shell
~/cs100/hw/hw7
khsie003@well $ make my_shell
make: `my_shell' is up to date.
~/cs100/hw/hw7
khsie003@well $ ./my_shell 
> echo I/o O
I/O
> cat od	  oo dd.txt
1 3 23 55 
> ^[[A    touch test.tt   
> cat tse  est
> cat odd/t  .xt  txt |         < odd.txt > test
> cat test
1 3 23 55 
> tee     touch out out2
> touch in
> tee in
Hello Wr orld
Hello World
This is a test
This is a test
> cat in
Hello World
This is a test
> cat out
>  ca   cat out2
cat: out2: No such file or directory
> touch out2
> ll s
countWords	   hw7.tgz		 my_dircheck.sh  odd.txt     words.txt
countWords.cpp	   in			 my_find.sh	 out
even.txt	   integerSeparator	 my_shell	 out2
excludedWords.txt  integerSeparator.cpp  my_shell.cpp	 test
hw7script	   Makefile		 my_which.sh	 typescript
> te  tee < o out < in >ou   out2
> cat out
Hello World
This is a test
> cat out2
Hello World
This is a test
> 
Child process receive SIGINT
> e Quit
~/cs100/hw/hw7
khsie003@well $ exit
exit

Script done on Tue 26 Nov 2013 11:21:01 PM PST
