Script started on Tue 29 Oct 2013 02:50:11 AM PDT
~
khsie003@well $ cd cs100/hw/hw3
~/cs100/hw/hw3
khsie003@well $ ls -l
[00mtotal 6340
-rw------- 1 khsie003 csmajs    1873 Oct 29 02:48 [00mfork.cpp[00m
-rw------- 1 khsie003 csmajs 1480313 Oct 29 02:50 [00;31mhw3.tgz[00m
-rw------- 1 khsie003 csmajs    3388 Oct 28 21:01 [00mioExercise.cpp[00m
-rw------- 1 khsie003 csmajs 4950996 Oct 28 16:23 [00mlinux.words[00m
-rw------- 1 khsie003 csmajs     496 Oct 28 17:46 [00mMakefile[00m
-rw------- 1 khsie003 csmajs    4520 Oct 28 05:06 [00mString.cpp[00m
-rw------- 1 khsie003 csmajs    1781 Oct 28 05:07 [00mString.h[00m
-rw------- 1 khsie003 csmajs    9356 Oct 28 05:06 [00mtestString.cpp[00m
-rw------- 1 khsie003 csmajs    2700 Oct 24 16:03 [00mTimer.h[00m
-rw------- 1 khsie003 csmajs    1148 Oct 29 02:23 [00mviEdit.txt[00m
[m~/cs100/hw/hw3
khsie003@well $ make testString.cpp [K[K[K[K[K
g++ -ggdb -W -Wall -Werror -ansi -pedantic -c String.cpp
g++ -ggdb -W -Wall -Werror -ansi -pedantic testString.cpp String.o -o testString
~/cs100/hw/hw3
khsie003@well $ ./testString 
========TEST1: constructor String(const char* s)========
Using constructor to make str1 with 'Hello World'

Hello World

========TEST2: constructor String(const String & s)=======
Using copy constructor to copy str1 into str2

str1: Hello World
str2(str1): Hello World

========TEST3: String operator = (const String & s)========
Using assign operator to set str1 to str2, str1 = str2

str1: Wibbly Wobbly
str2: Timey Wimey
new str1: Timey Wimey

========TEST4: char & operator [] (int index)========
Using operator [] to print out str1

str1: Time And Relative Dimesion In Space
Time And Relative Dimesion In Space

========TEST5: int size()========
Calling function int size() on str1, str1.size()

str1: Nilin
str1.size(): 5

========TEST6: String reverse()========
Calling reverse() on str1, str1.reverse()

str1: Winchester
str1.reverse(): retshecniW

========TEST7: int indexOf(char c)========
Calling indexOf() on str1, with 'm' pass in as argument, str1.indexOf('m')

str1: Remember Me
str1.indexOf('m'): 2

========TEST8: int indexOf(String pattern)========
Calling indexOf() on str1, with 'lock' pass in as argument, str1.indexOf(''lock'')

st1: Sherlock Holmes
str1.indexOf(''lock''): 4

========TEST9: bool operator == (String s)========
Using operator == to check str1 and str2, and str1 and str3

str1: Supernatural
str2: Supernatural
str3: Spooky

str1 == str2: 1
str1 == str3: 0

========TEST10: bool operator != (String s)========
Using operator != to check str1 and str2, then str1 and str3

str1: Supernatural
str2: Supernatural
str3: Spooky

str1 != str2: 0
str1 != str3: 1

========TEST11: bool operator > (String s)========
Using operator > to check str1 and str2, then str1 and str3, then str1 and str4

str1: Hello World
str2: Hello
str3: Hello World!
str4: Hello World

str1 > str2: 1
str1 > str3: 0
str1 > str4: 0

========TEST12: bool operator < (String s)========
Using operator > to check str1 and str2, then str1 and str3, then str1 and str4

str1: Hello World
str2: Hello
str3: Hello World!
str4: Hello World

str1 < str2: 0
str1 < str3: 1
str1 < str4: 0

========TEST13: bool operator >= (String s)========
Using operator >= to check str1 and str2, then str1 and str3, then str1 and str4

str1: Coca Cola
str2: Coca
str3: Coca Cola!
str4: Coca Cola

str1 >= str2: 1
str1 >= str3: 0
str1 >= str4: 1

========TEST14: bool operator <= (String s)========
Using operator <= to check str1 and str2, then str1 and str3, then str1 and str4

str1: Coca Cola
str2: Coca
str3: Coca Cola!
str4: Coca Cola

str1 <= str2: 0
str1 <= str3: 1
str1 <= str4: 1

========TEST15: String operator + (String s)========
Using operator + to concatenate str1 and str2

str1: Doctor
str2:  Who

str1 + str2: Doctor Who

========TEST16: String operator += (String s)========
Using operator += to concatenate str2 onto str1

str1: Doctor
str2:  Who

str1+=str2: Doctor Who

========TEST17: void print (std::ostream & out)========
Using print in the overloaded operator <<, 
where str1 is an empty string, and str2 is 'Bad Wolf'

cout << str1: 
cout << str2: Bad Wolf

========TEST18: void read (std::istream & in)========
Using read in the overloaded operator >>, 
making a stringstream with 'Bad Wolf', 
the use operator >> to load stringsteam into a String object str1

str1: BadWolf
~/cs100/hw/hw3
khsie003@well $ ls -l
[00mtotal 6528
-rw------- 1 khsie003 csmajs    1873 Oct 29 02:48 [00mfork.cpp[00m
-rw------- 1 khsie003 csmajs 1480313 Oct 29 02:50 [00;31mhw3.tgz[00m
-rw------- 1 khsie003 csmajs    3388 Oct 28 21:01 [00mioExercise.cpp[00m
-rw------- 1 khsie003 csmajs 4950996 Oct 28 16:23 [00mlinux.words[00m
-rw------- 1 khsie003 csmajs     496 Oct 28 17:46 [00mMakefile[00m
-rw------- 1 khsie003 csmajs    4520 Oct 28 05:06 [00mString.cpp[00m
-rw------- 1 khsie003 csmajs    1781 Oct 28 05:07 [00mString.h[00m
-rw------- 1 khsie003 csmajs   66752 Oct 29 02:50 [00mString.o[00m
-rwx------ 1 khsie003 csmajs  112623 Oct 29 02:50 [00;32mtestString[00m*
-rw------- 1 khsie003 csmajs    9356 Oct 28 05:06 [00mtestString.cpp[00m
-rw------- 1 khsie003 csmajs    2700 Oct 24 16:03 [00mTimer.h[00m
-rw------- 1 khsie003 csmajs    1148 Oct 29 02:23 [00mviEdit.txt[00m
[m~/cs100/hw/hw3
khsie003@well $ make fork
g++ -ggdb -W -Wall -Werror -ansi -pedantic fork.cpp -o fork
~/cs100/hw/hw3
khsie003@well $ ./fork 
PID A: 17373
PID B: 17374
PID C: 17375
PID D: 17376
AAAAAAAAAAAAAAAAAAAAAAAAAAAAAAAAAABCCCDDDDDDDDDDDDDDDDDDDDDDDDDDDDDDDDDDDDDDDDDDDDDDDDDDDDDDDDDDDDDDDDDDDDDDDDDDDDDDDDDDDDDDDDDDDDDDDDDDDDDDDDDBBBBBBBBBBBBBBBBBBBBBBBBBBBBBBBBBBBBBBBBBBBBBBBBBBBBBBBBBBBBBBBBBBBBBBBBBBBBBBBBBBBBBBBBBBBBBBBBBBBBBBBBBBBBBBBBBBBBBBBBBBBBBBBBBBBBBBBBBBBBBBBBBBBBBBBBBBBBBBBBBBBBBBBBBBBBBBBBBBBBBBBBBBBBBBBBBBBBBBBBBBBBBBBBBBBBBBBBBBBBBBBBBBBBBBBBBBBBBBBBBBBBBBBBBBBBBBBBBBBBBBBBBBBBBBBBBBBBBBBBBBBBBBBBBBBBBBBBBBBBBBBBBBBBBBBBBBBBBBBBBBBBBBBBBBBBBBBBBBBBBBBBBBBBBBBBBBBBBBBBBBBBBBBBBBBBBBBBBBBBBBBBBBBBBBBBBBBBBBBBBBBBBBBBBBBBBBBBBBBBBBBBBBBBBBBBBBBBBBBBBBBBBBBBBBBBBBBBBBBBBBBBBBBBBBBBBBBACAADCDDDDDDDDDDDDDDDDDDDDDDDDDDDDDDDDDDDDDDDDDDDDDDDDDDDDDDDDDDDDDDDDDDDDDDDDDDDDDDDDDDDDDDDDDDDDDDDDDDDDDDDDDDDDDDDDDDDDDDDDDDDDDDDDDDDDDDDDDDDDDDDDDDDDDDDDDDDDDDDDDDDDDDDDDDDDDDDDDDDDDDDDDDDDDDDDDDDDDDDDDDDDDDDDDDDDDDDDDDDDDDDDDDDDDDDDDDDDDDDDDDDDDDDDDDDDDDDDDDDDDDDDDDDDDDDDDDDDDDDDDDDDDDDDDDDDDDDDDDDDDDDDDDDDDDDDDDDDDDDDDDDDDDDDDDDDDDDDDDDDDDDDDDDDDDDDDDDDDDDDDDDDDDDDDDDDDDDDDDDDDDDDDDDDDDDDDDDDDDDDDDDDDDDDDDDDDDDDDDDDDDDDDDDDDDDDDDDDDDBACCDDBACDBAAAAAACDBACCCCCCCCCDBACDDDDDDDDDBAACDBACDBACDBBBACDBAAAAAACDBACCDDDDBACCCDDDDBACDBBBBACCDBACDBDACBBBDACCBDACBBBBDACBBBBBBDAAAAAAAAAAAACBDACBDDDDACBDACCCCCCCCCCCBDACCCCCCCCCBDACCCCCBDACCCCBDACBDDDDACBBDACCBDDDDACBDACBDACBDAACCCCCBDACBDACBDACCBDACBDACBDACBDACBDACCBDAAAAAAAAACCCCBDACBDACBBBBBDDDDDDDDDDDDDDDDDDDDDACBBBBBBBBDAAAAAAAACBDACBDACBBBDACBDACBDDDACCCBDACBBBBBBBBDACCCCCCCCBDAAACBDACBDDDDDDDDDACBDDDDDDDDDDDDDDDDDDDDACBDDDDDDDACBDACBDACCBDDAAAAAAACBDDACBBBBBBDACCCCBDAACCCCCBDACBBBBBBBBBDACCCBDAAAAAAACBDABCDDDABCDDDDDDDABBBBBBBBBCDABCCCDDDDABCDDDDDDABBBCDABCDABCDDDDDDDDABBBBBBCDABCDABCCCCCCDABCCCCCCCCCCDABBCDDDDABCDAAABCDDDDABBBBBBBBBCDABCCDDDAAAABCDABCDABBBBBBBBBCDABCDABCCCCCCDDABCDABCCCCCCDABBBCDABCDABCCCCDABCDABCDABCDABCCCCCDABCDDDDDDABCCCCDDABCCCCDABBCDDDDABCDABCDABCDABCDABCDABBCCCCCCCCCCDABCDABBBCCCDABCCCDABBBCCCCDAAAABCDABCDABBBCDAAAABCDAAABCDABCCCCDABBBCDABCDDABBBBCDAABCDABCCDABBBBBCDABBBBBBBBBCCDABCDABCDABBCDAAAAAAAABCCCCCCCCCCCCCCCDABBBCDDAABCDABCDABCCCDABCDDDABBBBBCDAAAABCDABBBBCDABCCDDDDDDABCCCDABBBBCDABCDDDDDDDDDDDDDDDABCDABCCCCCCCCDABBBCDAAABCCCCCCCCCCCCDABCDABCDDDDDDDABCDABCCCCCCCCCCCCCCCCCCDABCCDABCCCCCCDABCDAAAAAAAAAAAAAAABCDABCDABBBBCDABCDABCCCDABCDDDDDDDDABCDABBBBBCDABCCCCCCCCCCDABBCDABCDABCCCCCCCCDABCDABCCCCCDABCDABCCCCCCCCCCCCCCCCCCCCCCCCDABBCDABCDABCCDABCDABCDDDDDABCCCCCCDABCDABCCCCCCDABBBCDAABCDABBBBCDABCCCCCDABCCCCCCCCCCCCCCCCDABCCCCCCCCCCCCCCDABCCCCCCCCCCCDABCCCCCCCCCCCCCCCCDABCCCCCCCCCCCCCCCCCCCCCCCCCCCDABCCCCCCCCCCCCCCCCCCCCCCCCCCCCCCCCCCCCCDAABCCCCCCCCCCCCCDABCCCCCCCCDABCCCCDABCCCCCCCCCCCCCDABCBBDAACCCCCBDAAACBBBBDACBBDACBDACBBDDACBDACBBBBBBBBBBBBBDACCCCBDACBDACCCCCCCCCCCCCCCCCCCCCCBDAAAAAAAAACBBDAAAACBBBDACBDDDAACBDACCCBDAACBDACBBDAAACBDACBDACBDACBBBBBBBBBBDACCCCCCCCCBDACBBBBBBBDACBDAAAAACBDACCBDACCCCCCCBDAAAACBDACCCCCCCBDACBBBDDACBDACBDACCCCCCBDACBDAAACBDDDACBDDDDDAAACBDACBDDDDACCCCCCCCCCCBBBBBDACBDAAAAACBBBBDACBDACCBDDDDACCCCCCBDACBDAACBBBBBBBBBBBDACBBBDACBBBDDDACBBBDACBDACBDACCCBBBDACBDAAACCCBBDDDDACBDACCCCBBBBDACCCBDACBDACCBDAAAACBDACBBDACBDDACBDDACBDAAAAACBDDDDDDDDDDACBDACBDAAAAAACBDDDACBDAAAAAAAACBDACCBDDDDACBDDDDDDDDACCCCCCCCCBDACBDDDACBBBBBBBBBDACBDACBBBDDDDDDDACBDACBDACBBBDACCCBDAAACBDACCCBDACCCCCCBDACBDACCBDACCCCCCCCBDACCBBDACBDACCCCCBDAAAAAAAAACBDDDDACCCBDACBDACCCCCBDAAAAACCCCCBBBBDACBDACCCCBDACCCBCCCDABCDABCDDDABBCDABCDABBBBBBBBBCDABCCCDABCDABCCCCCCCCCCCCCCCCDAAABCDABCCCCDABCDABCDABCCCDAAAAAABCDDDDDDDDDDDABBCCCDABCDABBBBBBBCDABBBBBBBBBBBBBBBBCDABCDDDDDAABCDAAABCDAABCDDDDABCDABCDABCCCCCCDABCDAAABCDABCCCCDABCDABCDDABCCCCCCDABCCDABCCCCDABCDDDABCDABCDABBBCDABCDDDABCDABCCDABCDABCDAAABCDABCDABCDABCDABCCDDDABCDABCDAAAAABCDDABCDABCCDABCDAAABCDABBBBCDABCDABCCCCDABBBBBBBBBBBBBBBBBBCDAAABBBCDABCDABCCCDABCDABCDABCCCCCCCCCCCCCCCCCCCCCDDDADBCDABCDABCCDDDDDDDDDDDDDDDDDAABBBBBCDABCDABCDABCDABCDABCCCCDABCDABCDDABCDABCDDDDABCDABCCCCDABCDABCDDDABCCCDABCDDDABCCCDAAAABCDABCDABCDDDDDDAAABCDDDDDDDDDDDABCCDDDDABCCCDDDABBBBBCDABCCCCCCDABBCDAABCDDDDDDDABBBBBBBBBBBCDABCCCCCCCDABBCDABBCCDDDDDDABCDABBBBBBBBBBBBBBCDAAAAAAAABCDDDDAAABCDABCDABCCDABBCCCDABCDAAABCDDDDDABCDABCDABCCDDDDDABCCDABCDABCDDDDDABCDABCDDDDABBBCDABCDABCDDDABBBBBBBBBCDABBBCDABBBCDDABCDABBBBBBCDABCDABBBBBBBBBCDABCCCDAAABCDABCDABCDDDDABCDABCDDDDDABCDAAAAAAAAAAAAAABCDABBBBCCCCCCCDABCDDDDDABCCCCCCDABBBCCDAAABCDABCDABCCCCDDDDDDDABCDABCCCCCCDABBBCDABCDABBBBCDABCDABBBBCDDDDDDDDDABCDABCDABBBCDABCDDDDDABCCCCCDABCDABCCDAABBBBBCDABCDAAAABCDABBBCDABCCCCDABCCDABCCCCCCDABBBCDABCDABCDABBBBBCDAAABCDABBCCCCDDDDABCDDABCDABBBCCCCCDABBCDABCCCCCCCCDABBBCDABCDABCDDDDABCDABCDAAABBBBBBCDABBCCCDDABCDAAAAAAAAABCDABBBBBCDABCDABBBBBBCDDABCDDDABCCCDABCCCDABCDAABCDDDABCDABCCCDABCCCDDDDDDDDABCDABBBBBCDDDDABCDABBCCCCDABCDAAAAABCDDDDDDABCDABCDABCCCCCCDABBBCDDABBBBBBCDABCDDDDABBBBBBBBBBBCDABCDAABCDABBBBBCDABCCCCCDABCDDDDABCDABBBCDAAABCDDDABBCDABCDAAABCDDDDDDDDDDABCCCCCCCCDABBCCCCDABCDABCDDDDDDDDDABCCDABCDAAAAAAAAAABCDAAAAAABCCCCCDABCDAAAAAAABCDABBBCDABBCDABBCCCDDDABBCDABCDABCCCCCCCCCDABCDDABCCCDABCDABCDABCCDABCDABCDDDDDDDDABCDDDABCDAABBBCDAAABCDDDABBBCCCCCCCCDABCDAAAAAAAAABBBBBCDABCDDDDDDDAAAAAABCCDABCCCDABBBBBBBCDABCDDDDDDDDABCCCCCCCCDABCCDABCCDABCDDDABBBCDABCDAAABCCDDABCCCCCCCCCCCDABCDDDDDABBBBBCDABCDABCDAAAAAAAABCDABCCDDDABCCCCCDABCDDDDDDABCDDDDDABCCDAAABCDABCDABCCCCCCCCCCCCCCCCCCCCCCCCCCCCCCCCCCCCCCCCCCCCCCCCCCCCCCCCCCCCCCCCCCCCCCCCCCCCCCCCCCCCCCCCCCCCCCCCCCCCCCCCCCCCCCCCCCCCCCCCCCCCCCCCCCCDABCCCCCCCCCCCCCCCCCCCCCCCCCCCCCCCCCCCCCCCCCCCCCCCCCCCCCCCCCCCCCCCCCDDDDABCCDAABCCCCCCCCCCCCCCCCCCCCCCCCCCCCCCCCCCCCCCCCCCCCCCDABBBBBBBBCDAAAAAAABCDABCDDDDDDDDDABCCDDABCDDDDDDDDABCCCDABCCDAABBBBCDDDABBBBCDABCDABCDABCDDDDDDDDDDDABCDDABCDABCCCDABCCCCCDDDDDABCCCDABCCCCCCCDABBBBBBBBBBBBBBBBBBCDABCCCCCCCCCCDABCDDDDDABCDABCDABCCCCCCCCDABCDDDABBBBBBBBCCDDDABBBBBBCDABCDAAAABBBBBBBBBBBBBCDAAAAAAAAAAAAAAAABCDDDDDDDABCDABCDDDDDDABCDABCDAAAAAABCCDABCCCDAABCDDDDDDDDDDDDABCDABAAAACDBACDBACDBBBACDDDDBACCCCCCCDBACCCDBBBBBACDBACDDDDBABBCDABCCCDDDDABCDDDDABBBBBCDABCDAABCDAAAAABCDABCCCCCDABCCCDABCDAAAABCDABBCDABBBCCDABCCDDDABCCDABCDAAAAABCDDDDDDDABCCCCCCDABCDDDAAAABCDABCDDDAAABBBBBBBBBBBBCDABBBBBBBBBBBBBBCDABCDABCCCCCCCCCDABBBBBCDAAABBBBBBBBCDABBBBBBCDAAAABCCCCCCCCDABCDDDDDDDDDABCDAAAABCDABCDAABCDDDABBBBBCDABBBBBBCCCCCCCCCCCCCDDDDDDDDDDABCDDDDDDDDDDDDDDDDDDDDDDDDDDABCDAABBBBBCCDABCCCCCCCCDABCCCCCCCDABCDABCCCDABCDDDDDDAABBBBCDABCDABCDABBBBBBBCDABCDDDAABCDABCDABCDABCCCCDDDDABCDABCCCCDABCDDABCDAAAAAAAAAABCDABCDDABBBBBBBBBBCDABBBBBBBBBBBBBBCDABCCDABCDDDDDDDDDABCDABBCDAAAABCDABCDAAABBCDABCDABCDAAAAAABCDABCDABCCDABBBBBBCBBBBDACBBBBDACBDDACBDAAAACBBBBBDACBDDDDDDACBDAAACBDACBDACCCBDAAACBDACBBBDDDACBDACCBDDACBDAAAAAAAAAAAAAAACCCCCCCCCCCCCCCBDAACBDACBDACCBDACCCCBDACBDACBDACCBBBBBDACBDACBBBBBBBBDAAAAAAAACBDDDDDDDDDACBBBBDACCBDACBDACCCBBDACCBDACCBBBDACBDDDDDDDACBDACBDDAAAAAAAAAAACBDACBDDDDAAAAAAACBDDDDACBDACBDDDDDDDDDDDDDDDDDDDDDDDAAAACBDACBBBDAAAAACBDDDDDDDDDDDDDDACBDACCCCCCCCBDACCBBBBBBBBBDACBBBDACBDAAACBDACCCCCCCCCCCCBBBBBBBBBBBDACBDACBDDDDDAAAAAAAAAAAACCCCCBBDACBBBDDDDDDDDAAAACBDACCCBDAAAAAACBDACCBBBBBDACCCCCCBDDDDDACBDACBDDAACBDDACBDDDDDDDACCCCCCCCBDDDDDDDDACBDDDDDDDDDDACBDACCCCBBBBDACCCCBDACBDAAACBDACBDAAAAAAAAAAAAACBBBBBDDDDACBDACBDDACBDACCCCCCBDACBDACBDDACBDACCBBBDACCCCBDDDDDDDACBDDDDACBBBBBDACBDDACBDDDDACBDACBBBDACBDACBBBDACBDAACBDACBBBDDACCBDACBDDAACBDAAAAAAAAAAAAAAAAAAAAACBBBBBBDACBDAAAAAAAACBDACCCCCBDACCCCCCCCCCCCCCCCCBDAACBDACBDACCCCCBDACBBBBBBDACBDACBBBDAAACBDACBDAACBDACBBBDACBDAACCBDACBDACCCBDACBBBDAACBDACBDAAAAAAAAAAAACBDACBDAACCBBDAAAAACBDACBDAAACBDACBDACBDACCCCBDDDDDAACBDACCCCCCBDACBDAACCBDACBDAAAAACBDACBBBDACBDACBBBDACCCBBBDACBDDACBBBBBBBBBBDACBBBDACBDAAAAAACBDACBBBBBBDACBDACCCCCCCCCCBDACBDACBDACBDAAAAAAAAAAAAAACBDACCCCCCCCCCCCBDACBDACBBBBBDAAACBDACBBBDDDDDDACBBDACBDAACCCCCCCCCCCCCCCCCCCCBDACCCBDACBDAAAACBDACBBBDACCCCCBDACBBDACBBBBBBBBBBBBBBBDAAAAAAAACBDACBDDAAAAACBDAAAAACBDDDDDDDDDDDDACBBBBBBBBBBBBDACBBDDACCCCCBDAACBDACCCCCBDACBBDAACCCCBDAAAAAAAACBDACBBDDDDAACBBBBBBBBBBDDACBBBDDDDDDDDDDDDDDDACBDAAAAAAAACBBBDAAACBDACCCCBDACBBDDAAAAAAAAAAAAAAAAAAAAACCCBDACBBBBDAAACBDACBDACBBBBBDDDDDDDDDDACBDDDACBBBBDACBBBBBBDAAAACBDACBDACBBBBBBBBDACBDDACBBBBBDACBBBDDDDDACBBBBDACBDACBBDDDAACBDACCBBBDACBBBBBDACBDACBBBBBBBBDAAAAAACBDDDDDDDDDAAAAACBDACBDDAAAAAACBDAACBDDACBDACBDDDDDDAAAAAAAAACBDADDDDDDDDDCBADCCCBCCCCCCCCCCCADBCADBBBBBBBBBBBCADBBCCCCCCCCADBCADBBBBBBBBBBCCCCCCCCCCCCADBCCCCCAAAAAADBCADBCAADBCADBCADBCCADBCADBCCCCCCADBBCCCCCCCCCCCCCADBCAAAAADBCADBCAADDDDBCAAAADBCCCAAAAAAADBCADBCADBBBBBCADBCAAAADBBBBCADDDBBBBCADBBBCADBBBBBBBCADBBCCCCCCCCCADBCADDDDDDDDDDBCADBCCCCCCCCCCCCCCCCCCCAAAAAAADBCADBCAAAAAAAAADBCADBCCCADBCCADBCADBCAAAAADBCADDDDDDDDDDDBBBBBBBBBBBBCCCAAAAADBCADBCCCCCADBCAAADBCCCADDBCCACDBACCCCCDBACCCDBAAAACDBAAAAACDBAAAAACDBAAAAAAACDDDDDDDBACCCCDBAAAAAACDDDDDDDDDDDDDDDDDBACDDDDDDDDDDDBACDBACDBBBBACDBACDBAAAACDBACCCCCDBACCCCCCCDBACDBACCCCDBAAAAACDBBACDDDDDDDDDBACCCCCCCCDBAAAAAAAAAAAAAAACDBACDBBBBBBBBAAAAAAAACDBACCCDBBBACDBACDBBBBAAAAAAAAAACDBAAAAAAAAAAAACDBACCCCCCCCCCCCCDBAAAACCCCCCCCCCDBACDDDDDDDBACCCDBAAAAACDDDBAAAAAAAAAAAACCCCDDDBACDBACCCDDDDDDDDBACCCCCCCCCDBAAAAACDBACDDDDDDBACDBACCCDBACDBBBACDBAACDBACCCDDDBBBBBAAACDBAAACCCCCDDDBAAACCCCCDDBBACCCDDDBBACDDDDDDDBBBBBBBBBAACCCDBACDBAAAAAAAAAAAAAAAAAAAAAAAAAACDBAAAACDBACCDDDDDDBACDBACCCCDBACDBACDBAAAACDDDDDDDDDDDDDDDDDDDDBACDBACDBACCCDBACCCCCCCCCCCCCCCDBACCDBACDBACDDDBACDBACCDDDBACDBBACCCCCCCCCCCCCCCCDBACCDBBAAACDBACDBACDBBAACDBACCCCDBACDBACCCCCCCCCCCDBACDBBBACCDBAAAAAACDBACCCDDDDDDDDDDDDDDBACDBACCCCCCCCDDDDBACDBACCCDCCCCCCCCCCBADCCBBBBBADCCCCCCBADDDDDDDCBADCCCCCCCBADDDDDCBADCCCCCBADDCBBBBBADCBBBBBAADDDDCBADCBAADCBBBBBADCBADDCCBADCCCCCCBADDDCBADCBAAAAAAAADCBADCBADCCCCCCCCCCCCBADCBAAAAADDDDDDDCBADCBADDDDDCCCCBBADCBADCBADDDCBBBADCBADCCCCCBBADCBBBADCCCBADCCCCBADCBADDCBAAAADCBADDDDCBADDDDDDDDDCBAADDDDDCCBADDDDCBAAAAAADCBAADDDDDDDDCBADCCCCCCCCCCCCCCBBAADCBBBBBBBBBBADDDDDCBADDDDDDDDDDDDDCBADCBBBBBADCBAADCBAADDDCBADCBAAAAAAAAAAAAAADCBADCBAAADDDDCCBADDDDDDDDCBADDDDDDDDDDDDCBAAAADDDDDDDDDCBAAAAAAADCBBBADDDDDDDDDDCCCBADDDDCBAADDDDDCBBADCCCBBBBBBBBBBBBADCBADDDDDDDDDDDDDCBADCBAAAAADDDDCBADCBBBADCCCBADDDDCBADCBBBBADCBADACCCCBDACCCCBDACBDDDDDAACCBDACBDACBBBBBBBBBBDACCCBDACCBDAAAAAAAAAACBDACBBBDAAAACBDDDACBDACBBDDDACBDACBDACBDDDDDACBBBBBBDACBDACBBBBBBBDACCCCBDACBDAAAAAAAACBDDDDDDDDDDDDACBDACCCCCCBDAAAACBDAAAAACBDACCBDACCCBBBDACBDAACCCCCCBBBBDACBDDDDACCCCCCCCCBDACBBBBBBBBBDACBBBDACBBBBBBBBBBBBBBBDACBBBBBBBBDACBBBBBBBDDDDDDACBDDDDDDACBDDDDDDDDACBDACCCBDDDDDDDACBDDDDDDDAAAAAAAACBDACCCBDAAAAAAAAAACCCCCCBDACBDAAAAAAAACBDAAAAAAAAAACBDACBDAAAAAAAAAAAAACBDACCCCCCCCCCCCCCCCCCCCCCCCCCCCCCCCCCCCCCCCCCCCCCCCCCCCCCCCCCCCCCCCCBDDDDDDAACCCCCCCCCCCCCCCCCCCCCCCCCCCCCCCCCCCCCCCCCCCBDACCCBBBDACCCCCBDACCCCCCCCCCCCCCCCCCCCCCCCCCCCCCCCCCCCCCCCCBDACCCCCCCCCCCCBDACCCCCCBDACCBDAAACBDDDDDDACCBDACCCCCCCCCBDACBDDDDDDDDDACBBBDACBDDDDACBDACBBBBDACBDDDAAAAAACCCCBDACCBDDDDDDDDDDDDDDDDDDDAAAACCBDDAAAACCBDACCCBDAAAACCBDACBDACBDAAAAAAAAACBDDDDACBDACBBBBBDAAACBDACCCCCBDACCCCCCCBDACBDACCBDACCCCBDACCBDACBBBBBDACBBBDACBDACCCCBDAAACBDAAAAACCCCCCCCBDACBDACBDACBDDACCCCCCCCCCCCCCCCCCCCCCCCCCCCCBDACCCCCCCCCBBBBBDDDDDAAACBBBBBBDACCCCCCCCCCCCCCCBBBBBBBBDACBBBDACCCCCCCCCCCCCCCCCCCCCCBDAACCCCCCCCCCCCCCCCCCCCCCCCCCCCCCCCCCCCCCCCBDACCCCCBDACCCCCCCCCCCCCCCCCBBBBBDAACBDAAACBDACBDACBBBBBBBBBDAAAAAAAAAAAAACBBBBBBBBBBBBBBBBBBBBBBBBBBBBBDACCCCCCCCBDACBDACCCBBBBBBBBBBDACBBBBBDACBDDDDDDDDACBBBBBDACBBDACBDDDDDACBBBDACCCCBDACBBBBBDACCCCCBDDACCCCCCCCCCBDACBDACBBDAAAACBDACBBBBDDDDDDDAAACBDACBDAAAACBDACBDAAAAAAAAACBDAACCCBDACBDDDACBBBBBBBBDACCBBBBBBBDACBDACBBBBDACBDDDDDDDDDACCCBBBBBBDACBDAAACBDADCCCCCBADCBAAAADCBADDDDCBBBBBBBBBBBBBADDDDDDDDDDDDCBADCBADDDDDDDCBADCCBADCCCCCCBADCBBBBBBBBBBADCBBBBBBBBBADCBBADCBADCCCBADCBBBBBBBBBBBBBBBBBBBBBADCCCCCCCCCCCBAADDCBBBBBBADCBADCBADDCBADAAAAAAAAAAAAAAAAAAAACBDAAAAAAAACBDACBDAAAAAAACCCCCCCCBDAAACBBBDDDACCCCCCCCCCCCCCBDACCCBBBBDACCCCCCCCBDACBBBDACCCCCCCBBBDACCCCCBDACCBDAAAAAAACBDDDDDACBBBBBBBBBBBDACCCBDACCCCCCCCCCCCCBDDDDDACBDDAAAAAACBBBDACBBBBBBBDACBDAAAAACBDACBBBDDAAAAAAAAACBBBDACBDACCCCBDACBDACCBCCDAAAABCDDABBCDABCDDDDDDABCDABCDDDDDABCDABCDABBBBBBBBBCDABCDAAAABBCDABCDAAAABCDABCDAAABCCCCCCCCCCCCCDDDABCCCDABCDDDABCCCCCCCCCCCCCCCCCCCCCCCCCCCCCDABCCCCCCCCCCCCCCDDAAAAAABCCCCCCCCCCCCCCCCCCCCCCCCCCCCCCCCCCCCCCCCCCCCCCCCCCCCCCCCCCCCCCCCCCCCCCCCCCCDABCCCCCCCCCCCCCCCCCCCCCCCDABCCCCCCCCCCCCCCCCCCCCCCCCCCCCCCCCCCCCCCCCCCCCCCCCCCCCCCCCCCCCCCCCCCCCCCCCCCCCCCCCCCCCCCCCCCCCCCCCCCCCCCCCDDABCCCCCDABCCCCDABCCCCCCCDDDDDDABCDDAAAAAABCDDDDAABCDDDDDABCDAAAAAAABCDAAAAAABCDAAAAAABCDABCDDDDABCDDDABBBBCDABCCCCCCDDDABCDABBBBBBBBBBCDABCDABCCCDAABCDABCDDABCDABCCCDDABCDABCDDDABCDABBBBCDABCCCCCDABCDAAABBCDABBCDAABBBBBCDABCDABCDDAAAAAABCDAABCDDDABCDAAAABCDABCDAAAAAAABCCCCDABBBBCDABBBBCDABCDDDABCCCCCCCCDABCDAABCDABCCCCCDABCDABCCCCCCCCCCCCCDABCCCDABCCDABCDDDABCDDABCCDABCDABCDABCDABCCCDAAAAAABCDDDABCDABCDDDAABCDAABBBBBBBBBBBBBBCDABCDABCDDDABCDABBBBCDABCDABCDAAAAAAAAAAABCDDDABCDDDABCDABCDAAAAAABCCCCCCCCCDABCDAAAAAABCCCCCDABCDDDDDABCDABCDABCCCCCDABCDABCDABCCCDDDDDDDDDDDABCCCCCCDAAAAAAAAABCDABCDDDDABBBBBBBBBBBBBBBBBCDABBBBBBBBCDABCDDDDDDDDABCCCCCDABCCCCCDABCDAAAAAAAABCDABCDABCDABCCCDDDDDABCCCDABCDDDDABCDABCCCCCCDABCDABCDABBBBBBBBCDDAAAAAAAAAAABCCCDABBBBBBBBBCDABCDABCCCCCCCCCCCCCCCCCCCDABAAACDBACDBACDDDBACDBACCDBAAAAAACDBACCCCCCCDBACCCCCCCCCCCCCCCDBACCCCCDBAAAAAAAAAAACDBACDBAACDBACDDDDBACCCCCCCDBACCCDBACDBACDBACDBACDDDDBACDDDDDDDDDBAAAAAAAAACDDDDDDBACDBACDDDDDDBBBBBBBBBBBACDBBBBBBBBBACDBBBACDBACDBACDBACDBACCCDBACDBAAACDBAAAAACDBAACDBBACCCDBAAAACDDDDDDDDDDDDDDDDBACCDDBACCDBACDDDDDDDBAAACDBACDBBBAAACDBBBAACDBBBBBBAAABBBBBBBBBBBBBBBBCDABBBBBBCDABCCCCDDDDDDDABCDABCDABCDDDDDABCCCCCCDABCDABBBBBBBBBBBCCDDAAAAAAABBBBBBBBBBBBCDABCDABCDDDDDDDDABCDDDDDDDDDABCCCDABCDDDDDABCCCDDDDDDDDDDAAAABCDABCDDDAAABCCCCCCCCCCCCCDABBBBCCCCCCCCCCDABBBBBBBBBBCDABCDDABCDAAAABCDDDDDDDDDABCCCDABCDDDDDDDDABCDABCDABCDABCDDDDDDDDDDDDDDABCDABBBBBBCDABCCCCDDDDDDDABCCCDABCCCCDABCDDDDABCCCDABCCCDAAAAAAAAAAAABCDAAAAAAAAAAABCDABCDABBBBBBBBBBCDABCDABBBBBBBCDABCCDABBBBBBBBBBBBBBBBCDABCDAAAAAAAABCDABBBCDABCDABCDDDDDDDDDDDDDDDDDDDDDDDDDDDDDDDDDDDABCCCCCCCCCCCCCDABCDDABBBCDAAAAABCDDDAAABCDABCDABBBBBBBBBBCDABCDABCCCDDDDDDDDDDDDDDDDABCDABBCDABCCCDABBBCDABCCCCCDABCDDDDDDABCDAAAAAAAAAABCDABCDDDDDDDDDDDDDDDDDDDDDDDDDDDDABCDABCDAAAAAABCDDDABCDDDDDDDDDDDDDDDDDDDDDAABCDDDDDDDABCCCCCDABCDABBBBBBCDABBBBBBBCDAAAAAABCDAAAAAABCCCDABCCCCCCCDDDDDDDDABCCDDDDDABBBBBBBBBBBCDABBBBBBBBCCCCDABBCCCCCCCCCDABCDDDDABCDAAAAAAAAABCDABCDABCDABCCCDAAAAAAAAAAABCDABCCCCCDABCDDDDDABCDDABCDABBBBBBBBBBBCDABCCCCDABBBBBCDAAABCDDDDDDDDDDDDAAAAAAAAAABCCCCCCCCCCCCCCCCCCCCCCCCDABCCDABCDDDDDDDDDDABCDABBBBBBBBBBBBBBCDABCDABBBCCCCCCCCCCCCCCDABCDDDABBCCCCDABCDDDDDDDDDDDDDDDABCCCCCCCCCCDDDAAAAAAAAAAAAAAAAAAABCDAAAAABCDDDDDDDAAAAAAAAABCDDDDDDABBBBBBBBBBBBBBBBCDAAAABBBCDABCDDDDDDDDDDABCCCDDDDABCDABBBBBBBBBCDABCCCCCCCCDABCCCDABCDAAAAABCDDDDDDDDDDDDABCDDAAAAAABBBBBBBBBBBBBBCDABCCCCCCCCCCDABCDAAAABCDABBBBBBBBCDABCCDABCCDABCDAAAAAAAABBBBBCCCCDABCDABCCCCCCCCCCCCCDABCCCCCCCCDABCCCDABBBCDAAAAAAAAAAAAAABBBBBBBBBCDAAAAAAAAAABCDDDABCCCCCCCDDDDDABCDABCDABBCDABCDDDDDDDDDDDDDAAAAAABCDABBBBBBBBBCDAAAAAABCDAAABCDABBBCDABBBBCDAAABCDDDABCCCCDDDDDDDABCDDAAABBBBBBBCDABCDABCDDDAAAAAAAAAAAAAAAAABCDDABCCCDABBBBBBCDDABCDDDDDDDDDDDDDABCDABBBCCDABBBBBBBCCCCCCCCDABCCCDABCCDDDDDDDDABCDABCDDAAAABCDABCCDABCDDDDDDDDDABCDABCCCCCCCCCCCDABCDDABBBBBBBCDABCCCCCDABCDABCCCDABCDDDABCDDABCDABBBCDDDDABCDABCCCCCCCCCCCDABBBCCCCCCCDDDDABCDDDDDDDDAAAABCCCCCCCDABCCCCCCCCCDDDDDDDDDAAABCDDDDABCCDDABBBBCDAAAAAAABCDDDDDABBBCDABCCCCDAAAABBBCDABCCCCCCCCCCDDDDDDDDDDDDDDDABCCDABBBBBCDDDABBBBBBBBBBBCDDABCCCDABCCDABCDDDDDDDDDDDABCDAAAAAAAAAAABCDABBBBBBBBBBBBCDABCCCCDABBBBBBBBBBBCDABCCCDAAAAAAAAAAAAAAAAAAABCDAAAAAAAAAABBBBCDDDDDDDDDDAAABCDDDDDDDDDDDDDDDDDDABCCCDABCDDDDDDABCDDDDDDDDDDDDDABBBBCCCDABCDDDDDABCDAAAAAAAAAAAAAABBBBBCDABBBCCCCDABCDAABCCCDDDDABBBBBBBBBCDDABCCDABBBBBBBBBCCDAAAAABCDDDDABBBBBBBBBCDABCDABCCDDDABCCCCCCCDABCCDDDDDDDDDDDDDDDABCDABBBBBBBBCDDDDDDDDDDDDAAABBCDABCCCDABCDDDABCCDABCDDDDDDABCDABCDABCCCCCDABBCCCDABBBCDABBBCDDDDDDDDABCCCDDABBBBCDABCDDDDABBBBBBBBBBBBBBBBBBBBBBBBBCDABCCCDABCCCCDABCCDDDDDDDABCDABCCCCDDDDDDDDDDDDDDDDDDDABCCDABCCCCCCDABCDABCDAAABBBBBBBBBBBBBBCDAAAAAABCDABCDABBBBBBBBBBBBBBBBBBBBBBBBBBBBBCCCCCCCCDABCDDDDDDAAAAABCCCCCDDDABBBBCCDABCDDDDDAABCDAAABCDABCDABBBCDDDDDDDDDDDDDDABBBCDAAAAABCDDDDDAAABCCCCDABCCCCCDABCDABCDABCCCCDABCDABCDAAAAAAAABCDABBCCCCCCCCCCCCCCCCCCCCCCDABCDDDDABCDDDDABBBBBBBBBBBCDABBCDABCDABCCDAAABCDDDDDDDDDDDABCDABCDDDDDDDDDDDABCCDDDDDDDABCDDDDDDDDDDDDAAAAAAAAAABBBBBBCDAAAAAAAAAAAABCDABBBBBBBBCDABCDDAAAAAAAABCDDDDDABCDABCCCCCCCCDABCDDDDABCDDAAAAABCDDDDDABCDABBBBBBBBCDABCDABCCCCCCCCCCCCCDDDDABCCDDDDDDDABBCDDDABCCCDABBBBBCDAAAAAABCDAABBBBBBCDDAAAABCDDDDDDDDDDDABCDABBCDABCDDABCCCCCCCDABCDDDDDABCCCCCCDABCDAAAABCDAAABBCDABCCCDAAAAAAAAAAAAAAAAAABCDAAABCCCDDABCCDABCCCDABCDABCDABBBCDDABCDDDDDABCCDABCCCCCCCCCCCDAAAAAAAAAAAABCDABCCCCCCDABBBBBBBBBCDAAAAABCCCCCCCCCCCDABCDDDDDDABBBBBBBBBBBBBBCDABBBBCDABCCCDABBBCDABCDABCDDDDDABBBCDAAAAABBBBBCDABBBCDABCDAAAAAABBBBBBBBBBCDABCDDDDDDAAABCDABBBCCCCCCCCCDDDABCDABCCCDAAAABBBBBBBCDDDDDDDDDDDABBBBCDABCCCCCDABBBBCDABBBBBBBBCDABBBBCDABCDDDDDDDDDDDDDDDDABCDABCDABBBBBBBBCDAAAAABCCCCCCCDDDDABCCCDDDDDDABBCDAAABBBBBBBCDABCCCCCCCCCDABCDABCCCCCCDDDDDDDABCDDDDDDDDDAAAAABCDABCDDDDDDDDDDDDDDABCDABBBBBBBBCDABBBBCCCDABBBCDAAAAAAABBBCDDDDDABCDDDDDDDDDABCDAAAAAABCDABCDABCCCDABBBBBCDABCCCDDDDDABBBCDABCCCDDDDDDDABCCCDABCDABBBBBCDABCDDDDABCCCCDABCDDDDDABCDDDDDAAAAAAABCDDDDDDDDDDDABCBBBDACBDACBDACBBBDDDDDDDDACBDACBBDDDDACCCCCBDACBDDDAAAACBDAAAAAAAAACBDACCCBDACCCCBDACBDAAAAAAAAACBBBDACCCCBDACBDAAAAAAACCCCCBDDDDDACBBBBBBDACCCCBDACBDDDACCBBBBBBDACBDACCCBDACCCCCBDAAAAAAACBDACCCCBDACBBBBBDACBBBBBBBBBBDAAAAAACBDACCBDACCCBDACCCBDACBDACCCCCCCCCBDACBBDAACBDACBBDACBBBDACBBBDACBBBBBBBBBDACCCCBDACCCCBDACBDDDDDDACBDACBDACCCCCCBDACBDACBBBDAAAACCCCCCCCBDACCCCCCCCCCCCCCCCCCCBDAAAAAAAAAACBDACBBBBBDACCCBBBBBBDACBBBBDAACBDACCBDAAAAAAAACBDACBDACCBDACCCCCCCCCBDACBBDACCBDACCCBBBDACCCCCCBDAAAAAAAAACBDDDDDDDACBDDDACBDDDDDDACBDDACBDAACCCCBDAAAAAAAAAAAAACBDACCCCCCBDACCCBDACCBDACCCBBBBBBDAAACBDDDDDDDDDACBDAAAAAAACBDACCCCCBBBBBDACBBBDACBBBBBBBBBBBBBBBBBBBBBBBDAAAAACBDACCCBDACCBDACCBDDACBDAAACBDACBBBDACBDACCCCCCCCCCCCCBDAAAAAAAAAAAAAAAAAAACBDACCBDACCBBBBBBDACBDACCCCBDACBDACBBBBBBDACCBBBBBBDACBDACBDAAAAAACBDACCBDACCCCCBBDACBDAAAAAAAACBDDACBBBBDACCCBDACCBDACCCCCCCCCCCCCCCBBBBBDACBBBBBBBBDDDDDDDDDDDDACBBBBDACCBBBBBBBBBBDAACBDDDDDDDDDDDACBDAAAACBDDDDACBBBDAAAACBDACBBDACCCCBDACBBDACBDAAACBDACCCCCCBDACCCCBBDAACCCCBDAAAAACCCCCBDACCCCCCCCBBBBBBBBBBDACCCCBDAAAAAAACBDACBBBBDDDACCCCCCCCCCCBDACBDDDACCBBBBBBDACCBDACBBDACBDACBDACBBDDDDAAACBDDDDDACBBBBDAACBDDDDAAACBDAAACBDACBBBBBDDDDDDDDDDACBDACCCCCCCCCCCCCCCCCBDAAAAACBBBBBBDACBBBDDDDDACBDDDDACBDDDACBDDDAAAAAACBDDACBDAACCCBDACBDACCCCCBBBBDACBBBBBBDACCCBDACBBBBBBBDAAAACCBBBDACCCBDACBDACBDAAAAAACCCCCCCCCCCCCCCBDACBBBBDDACCBDACBDAAAACBDDDDDACBBBBDAAAAAAAAAAAAAAAAAACBDACBDACBDDDDDACBDACBDDDDDDDDDDDDACBDAAAAACBDACBDDDDDDDDDAAAACBDACBDACBDDAAAACCCCCBDAAAAAAAAAAAAAACBDAAACBBBDDDDDACBDACBDDDDDDDDDAAAAAAAAAAAAAACBDAAACBDDDACBBBBBBBDACBDAACBDACCBDACBDACBDDDDACBBDDDDDDDDACBBBBBBBBBDDDDDDACBDDDDDDDDACBDDDDDDDDDDDDDDDACBDDDACBBBDDDDACBDACBDACCBDAACCCBDACBDAAAACBDDDACBDDDDDDACBDDDAAAAAAAACBDACCCBDDDDDACBDACBBBBBBDACBBBBBBBDDDDDDDDDDDDDDDDDDDACBDACBDACBBBBBBBDACCCCCCCCCCCCCBDACBDACCCCCBBBDACBBBBBBDACCCCCBBBDDDACBDAACCCBDAAAAACBDDDACCCBDACCCCCCCCCCCBDACBDACBDACBBBBBBBBDDDACBDACBBBBDDDDDDACCBBBBBBBBDACBDDAAAACCCCCCCBDACBBBBBBBBBBDACCCCBDACCCCBDACCCCBBBBDACCCBDACBDAAAAAAACBBBDACBDDDDDDDDDDACBBBBBDACBBBBDACBDACCBBBBBBBDAAAAACBDACBDDDAACBDACBBBDAACBDACBBBBBBBBBBBBDDAAAAAAAAACBDACCBDAACBDACCCCCBDACCBDDDDACBBBBDACBDACCCCCCCCCBBBDACBDAAAAAAACBDACCCCBDAAAAAAACBDDDDDDDACBBBBDACBDDDACCBDAAAAAAAAAAAAACBDACCCCCCCCCCBDACCCCCCCCCCCCCBDACCBDACBDDDDDDDDACBDACBBBBBBBBBBBBBBBDACBBBBDACCBBBBBDAACBDACBDAAAACBDACBDACBDAAAACBDACBDBBBBBBBBBBBBACDDDDDDDDDDDDDDDDDDDDDBACDBBBBBBBBACDDDDDDDDDDDDDDDBACDBACDDDDDDDBACDDDDDDDDBACCDBACDDDDDDDDBACCCCCCCCCCCCCCDBACCCDDDDDDDDDDDDDDDDDDDBACDDDDBBBBBBBACDDDDDDDDDDDDDDDDDDDDDDDBACCCDDDDDBACDDDDDDDDDDBACCCCCCCCCCCCCCCCDBAAAAAAAAAAAAAAAACDBACDBAAACCCDBACDDDBACCCCCCDDDDDBACCCDBACCDBAAAAAAAAACDBAACDBAAAAAAAAAAACCCCCCCCCDDDDDBACCCCCCCCCCCCCCCCCDBACDBBBBBBACDDBACDDDDDDDDDDDDDDDDDDDDDDDDDDDDDDDDDDDDDDDDDDDDDDBAAAAAAACDBACDBACCCDBACDDDDDDDDDDDDDBACCCCDBAAAAAACDBAACCCCDBACCCCCCCDBACCCCDBBBBBBBACDBBBBBACDDDBACCCDBBBBBBBBBBBBBACDBBBAACCCDBACDDDDDDDDBBBBBBAAAAAAAAACDBBBAAAAAAAAAAAAACDDDDDDBACCCCCCCDBAAAAACDDDDDDDDDBACDBAAAAACDBACDDDDDDDDDDDDDDDDBACCDBACDDDDBACCDBAAAAAACCCCCCDBAAAAAAAAAAAACDBACCCCCCCCCCCCCCCCCCDBACCCDBAAACCCDBAAAAAAAAAAAAAACCCCDBBBBBBBBACDDDDBACDDDBACDDDDDDBACDDDDDDDBACCDBBBACCCCDBAAACDBBAACCCCCCDBACDDDDDDDDDDDDDDDDDDDDDDDDBAAAAACDBACCCCDBAAAAAACDBBBBBBBBBBBBBBBBBBBBBBBACDBACCDDDBACDDBACCCDBACDDBACCCCDBAAAACDBAAACDDDDDDDBACDDDDDDDBACCCCCCDBACDDDDDDDBACDDDDDDBACCCDBAAAAAACDBBBBBBBBBBAAAAAACCCDBAAAAAAAAAAAAAACDBBBBBBACDBBBBBACDBBBAAACDBACCDBBBAAACDBAAACCCCDBACCCCCCCCCCCCCCCDBACDBACDBBBBACDDDBACDBBBBBBBBACDBAAAAAAAAAAAACCCCCCCCCCCCCCCDBACCCDDBACDDDDDDDDDDDDDDDDDDDDDBACCCDDDDDDDDDBACCCCCCCCCCCCCCCDBACCDDDDDDDDDDBACDBACDDDBBACDBAAAAAAAAAAAAAAAAAAAAACDBACCDDDDDDDDDDDDDDBBBAAACDBAAAAAAAAACDBAAAAAACDBACDBACCDDDDDDBACCCCCDBACDDBBBAAAACDBABCCCCCDABCDABBBBBBCDABCDABBCDDDABBBBBBBBBBBCDABCCCCDABCCCCCCCDABCCCCCCDAAAAAAAAAAAAAAAAAAAAAAAAAAAAAAAAABCDDDDDDDDDDDDABCCCCCCCCCCDABCDDDDDDDDDABCDDABCDDDDDDDDDDDDABCCCCCCCDDDDDDDDDABCDDDDDDDDABCDABCDDDABCDABBBCDABCCCCDABCDDAAABBCDABCDDDDDABCCCCCCCCCCDABCCCCDABCDDDDDDDABBBBBCCCCDDDDDDDABCCCCCDABCDABCDDDDDDABBBBBBCDDDDABBBCCCDABCDAAAAABCDDDDDDDAAAABCDAAAAABCDABBBBBCDDDDDDDDDDDDDDDABCDABCCCCDABCDABBBBBBBBBBBBBBBBBBBBBBBBBBBBBBBBBBBBBCDAAAAAAAAABCDABCCCCCCCDABBBBBBBBBBBBBBBBBBBBBBBBBCDDAAAABCCCCCCCDAABCCDABCCDDDABCDABCCCDABCCCCCDABCCCDABBBBBCCCDABBBCDABBBBBBBBBBCDABBCDDDDDDDDDDABCDDABBBBBBBBBCCDABCDDDABCDDDDDDABCCCCCDABCCDABCCCCCCCCCCCCCCCCCCDABBBBBCCCDABCDDDDDDABCDDDAAAAAABBCDAAAAAAAAAAAABBCDDDDDDDDDABCDABCCCCDABBCDDDDDDDABCDAABCDABBBCDAAAAAAAAAAAAAAABCDAAAAAABCCDDDDABCDAAAAAAAAAAAAAAAAABCDAAAAAAABCCCCCDABCCCCCCCCCCCCCCDABCDABBBBBCCCCDDABCDABCCDDDDABCCCCCCDABBBBBBBBBBBBBBBBBBBBBBCDDDDDDDDDDDDDDDDDDDDABBBBCDABBBBCDAAAAAAAABCDDDABCDDDDABBBBBBBCDAAAAAAAAAAAAAABCCDDDDDDABBBBBBBCDAAAAAAABCDDDDDDDDDABCCCCCCDABBCDABCCDABBBBBBBBBBBBBBBBBBCDABCCCCDDABCDDDDDABCDABCDDDAABBCDDDDDDDDABCDABBCDDABCDDDDDDDABBBBBBBCDABCCCCCCCCCCCCCCCCCCCCDDABCCDABCCCCDABCCDABCCDDDDABCDDDDABCDCAAAAAAAAAAABBBBBBBBBBBDCCABDCDDDABBCCCCCCCDDABCDDDDABCCCDDDDABBBBBBCDABCCCCCCDDDABCCDDDDDDDDDDDDDAAABBBBCDABCDDDDDABCDDDABCDDDDDDDDDDDDABCDDDDDDDDDDDDDDDDDDDAAAAAAABCDABCDABCCCDABCDDDABCDDDDDDDDABCCCCCCCDAAAAABBBBBBCDABBBBCDABBBBBBCDAAAAAAAAAAAAAAAAAAAAAAAABCDAAAAAAAAAAAAABCDDDDABCDDDABBBBBBCDABCDAABCCCCCDABCDABCDABCDDDDDDDDDDDDDDDDDDDABCCCDDDABCCCCDABCCCDABCCCDABCDDDDDDDDDDABCCCCCCCDABBBBBBBBBBBBBBCDDABCDABCDAABCCCDDABBBBCDABCCDABCDDDDDDDDDDDDDDABCDABBBBBBBBBCDABCCCDAAAAABCCCCDABBBBBBBBBCDABCCCCCCCCCCCCCCDABBBBBBBBBBBBBBCDAAABBBBBCDABBCCCCCCCCCDABCCCCCCDDDDABCCCCCDDAAAAAAAAAABCDDDDDDDDDDABCDDDDDDABCDAAABBBBBBCDABBBCDDDDDDDDABCCDDDABCCCDDAAAAAAAAAAAABCDDDDABCDABBCDABCDABBBCDABCCCCCCCCCCCCDABBBBBCDABBBBBBBBBBCDAAAAAAAAAAAAABCDDDDDDDDDDDDDDDDDDDDDDABCDDDDDDABCDDDABCDDDDDDDDDDDDDDDDABBBCDAABCCCCDABCCCDAAAABCCCCCCCCDABBBCDABBBCDDAABCDAAAAABCDDDDABCCCCCCCDDDDDDDDDABCDAAAAAAAAABCDDDABCDDABCCCCCCCDABCCCCDABCDAAAAAABBBBBBBBBBBBBBBBBBBCCCCCCCCCCCCCCCCCCCDABCDABBBBBCDABCDABBBBBBBBBCCCCDABCDAAAAAAABBBBBBBCDABCDDDDABCCDDDDDDAAAAABCDABCCDDDDDDDABCDDDAAAAAAAAABCCCCCCDABCDDABBBBBBBBBCDABCDDDAAAAAAAAAAAAAAAABCDDDABBCDDABBBBBBBCDDAAAAAAAAAAAAAAAAAAAABBBCDABBBBBBBBCDABCCDABBBBBBBBBBBCDABBCCCDABCDAAABCDAABBBBBBBBBBCCCCCCCDABCDABCDDDDABBBBBCDABCCCDDABBBBBBBBBBBBCDABCDABCDDABCDDDDDDDABCDDDDDDDDDDDDDDDDABCCDABCCCCCDDDDDDDDABCCCCCCCCCCCCCCDDDDDDABCDDDDDDDDABBBBBCDAAAAAAAABCDAAAAAAAABBBBBBBBBBBCDABCDDDABBBBCDABBBBBBBBBBBBBBBBCDABBBBBBBCDABCCCCCDDDDDDDDDDDDDDDDDDDAAAAABCCCCCCCDABCDDDDDDDDABCDABCBDDDDDDACCCCCCCCCCCCBDACCCCBBBDACCCBBBDACCBDACCCCCCCCCCCCCCCCCCCCCCCCBDACCCCCCBBDACCCCCCCCCCCCCCCCCCCCCBDACCCCCCCCCCCBBBDACCCCCCCBDAACCCBDACCCCCCCCCBDACCCCCCCBBDACCCCCBDAACBDACBDACCCCCCCCCCCBDAACBBBBDACBBBBBBBDACBDDDDDDDDDACCCCCCBDACBBDACBBBBBBBBBBBBBBBBDACCBDAAAAAAAAAACCCCCCCCCCCBDAAAAAAACBDAACBDDDDDDDDDAAAAAACBDDDDDACBDAAAAAAAAAAACBDACCBDDDDDACBDDAACCCCBBBBDDDAAAAACCCBDACBDDDDDDDDAAAAACBBBBBBDACBDACBDDDDDDACBDACCCBDAAAAAACBDDDDDDDACBBBBBBBBBDACBDDDDACBBBBBBBBBBDACBDDDDDDACBDACBDACBBBBBBBBBBBBDDDACBDDDDDDDDACBBDACCBBBBBDACCCCCCBDACCBBBBBDACBBBBDACCCCCCBDAAAAAACBBBBBDAAAAAAACBDACBBBDDDAAACBDACBDAAAAACBBDACBDAAAAAAAAACBDACBDACCCCCCCBBBBDDDDDDDDDDDDDDDACBDAAAAAAAACBDAAAAAAACBDACCCCCBDACBBBBBBBDACCBDACBDDDAAAAACBDDDDDDDDDDDDDACBBBBBBBDAACCCCCCCCCBDACCCCCCCCCBDACBDACCCBDAAAAAAAAAAAAAAAAAAAAAAAAAAACBDACCBDACBDAAAACBBBBBBBBBDACBDAAAAACBDACCCCCCCCCCCCCBDACBBBBBBBBBDACBBDAAAAAACBDACBBBBDACBBBBBBBDACCBDACBBBDAAAACBBBDAAAAAAAAACBDAAAAACBDACCBBBBDACBDDDDACCCCCCCCCCCBDACAAABDCCCABDCAAABBBBBBBBBBBBBBDDCCCCCCABDDDCCCCCCABDCCCABBBBBBBDCABDDDDDDCAABBBDDDCABDCABDCCCCAAABDCABBBBBBBBBDDDCABBDDDCABDCCABDCABDCABBBBBBBDCAAABDCABDCABDDDCCABDCAAAAAABDCCABDDDDDCABDCCCCCCCCABDCABDCCCCCAABDCCCAAAAAAAABDCAAABDCCCABDCCABDCABDDCABBBBBBBBBBBBDCABDCABDDDDDCABDCABBBDCABDCABDCABDDCABBBBDCABDCCCCCCCABDDCABDDCCCCABDCAABDCABBBBBBBBBBBBBBBDCABDCABDCABDCCCCCCCABDCAAAAAAABDCABDCCCCCCABDCABDCAAAAABDCABDCAABBBBBBDCAABDCABDDDDDDDDDDCCABBBDDCABDCAAAAABDCABDDDDDDDDDDCABDDDDCABBDCABBBDCABDDDDDDCCAAABBBBBBBBBBBDCABDCABDDCABDCAAAAABDCABDCCCCCCABDCAAAABDDCABBBBBDCAABDCCABDCABDCAAAABDDDDDDDCABDCCCABDCCCCCCCCCCCCCCCCCCABDCCCCCCCCCCCCCCCCCCCCCCCCCCCCCCCCCCCCCCCCCCCCCCCCCCCCCCCCCCCCCCCCCCCCCCCCCCCCCCCCCCCCCCCCCCCCCABDCABDDCABDCCCCCCCAAAAAABDCCCCCCCCCCCCCCCCABDCABBDCABBBBBBBDDDCABDCAAAAABDCAAAAAAAAAAABDCABBBBBDCABDCCABDCCCABDCCAAAAABDCABDCABBBDCABDCCABBBBBBBBBDCABDCCABBBDDDDDDDCABBBDDDDCAAABDDDCCABDCCCABDCCAAAABDCABDCABBBBBBBBBBDCABDDCABDCAAAABBBDDDDDDDDDDCAAABDDDCCAAABDCAAAABBBBBBBDCABDCAAAAAAAAAAABDCABBDCABDDCCCABDCAAAAAAABDCAAAAABBBBBBDDDDDDDDDCAAAAAAABDDDCABDCABDCCCCCAAAAABDCAAAAAAAABDCABDCCCCCCCCCCABDDDDDCABBBDCCABDCCCCABDCCCCCCCCCCCCCCCCCCABDCAAAAABDDCABDDDDDDDDDDCABDDCAAABDDDCCAAAABDBBBCADBCADBCAAADBBCAAAAAAADBCAAAAAADDDDDDBCAAAAADBCCCCAADBCADBCADBCCCCCCADBCAAAADBCADBBBBBCADBCADBBBBBBBBBCADBCADDDDDDDDDDDDDDDDDDDDBCADBCADBCCCCADBBCAAAAAAAADBBBBBCADBCCAAAAAAAAAADBCADDDDBCADDDBCADBCCCCCCADBCADBBBBBBBBBBBBBBCADBCCCCCADBCADDDDDDDDDDDDBCAAADBBBBBBBCADDDBCADBCCCCCADBCADBCAAAADBBBBBBCADBCAAAAAAAADBCADBCCCCCCCCADBCADDBCADDBCADBCADDDDDDDDDBCADBCAAAADDDDDBBCADBBBBBBBCAAADDDBCBBADCCCCCCBBBBADDDDCBADCBAAAAAAAAAAAADCCCCCCCCCCCCCCCCBADDDCBAAAAAAAAAADCBBBBBBADCCCCCCCCCCCCCCCCCCCCCCCCCCCCCCCCCCCCCCCCCCCCCCCCCCCCCCCCCCCCCCCCCCCCCCCBADCCCCCCCCCCCCCCCCCCCCCCCCCCCCCCCCCCCCCCCCCCBBBBADCCCCCCBADCBBADCBAADCCCCCCCCCCCCCCCCCCCCBADCCCCCCCBBADDDDDDDDDDDDCCCCCCCCCBAAADCBADCCCBADDCBADCCBADDCBBBBBBBBBBBBBBBBBBBBBBBBBBADCCCCCCCBADCBAAADCBADDDDDDDDDDDDCBADCBBBBBBBBADDDDDCBBBBBADCCCCCCCBADCCBADDDDDDDDDDDDCBAAAAAAAADDDDCBBADDDDCBADDDCBADCCBADDDCBADDDDDDDDDDDDDDDDDDDDDDCBADCCCBADCBBBBBBBADCBAAAADCBAAAAAAAAAAAAAAAAAAAADDDDDDDDDDDDCBADCCCBBBBBBBBBBBBBADCBAAADDDDDDCCBADCBBADCBBADCCBBBBBBBBBBADCBBBBBBADCBBBBBBBBBBBADCCBBBADCCCCCCCCBADDDCBADCBBBBBBADCBADCBADDDDCBAAADCBADCBADCBADCCCCBADDDDDDDDDDCBADCBADDDCBAAAAAAAADCBBBBBBBADCCCCCCCCBBBBBBBBBBADCBBBBBBADDDDDDDDDDDDDDDDDDDDDDDDDDCBADCBADCBBADDCCCCCCCCBADCBBBBBBBAAADCBADCBADCBADDDCBAAADCBADDDDDDDDDDDDDDDDDDCCCBADDDDDCBBBBBBADCCBBADCBADDDDDDDDDDDDDDDDDCBADCBBBADCBBBBBBADCBBBADCBBBBBBBBBBBBBBBBBADCBADCBADCCCCBADDCBADCCCCCCCCCCCBADCCBADDDCBBADCBBBAAADCBBBBBBBADDDCBADCBADCCBBBADDDDDDDCCCCCCCBADCBAAAADCCCCCCCCBADCCCCCCCCCCBAAAAAADCBAAADCCCCCCCCCCCCCCBADCBBBBBBBADCBADCCCBBBADCBADDCCCCCCCCCCCCCCCCCCCCCCCBADCBBADCBADDDDDDDDCBBBBBADAAAAAAAAAAAAAAACBDAAACBDDDDDDDDACBBBBBBBBDDDACBBBBBBBBDACBBBDACBBDACBDAAACBDACBDDDDAAAAACBDDDACCCBBDAACCCBBBDAAAAAAAAAAAAAAACCCCCBDDDACBDBAAAAAACDDDBBAACCCCCCCCCDDDDBAACDBBBBBAAAAACDBACDBAAAAAAAAAAAAAAACDBAACDBAAAAACDDDDDDDDDDDDDDDBBACDBACDBAACDBACDDDDBAAAAAACDBACDBACDBACDDDDDBAAAAACDBACCDBACCCCDBBBACDBAAACDBAACDBBBACDBACDBBBBACCCDBAACDDDBACDBADDDDDDBCAAADBCADBCCADBCADBCCCCCADBCADBCCADDDDDDDBCCCCCCCADBCADDDDDDDDDDBCADDDDDDDDBCADBCAAAAAADBCADDDDDDDDDDDDBCADBCCADDDBCADBCCCADBCCCADBCADDDBCADBCADDDBCCADBCCCCCCADBBBCADBCCCADBBBCADDDBCADBBBCADBCADBCAAAAAAAADBCADBBBCCADBBCCCCCADBBBBBBBCADDBBBBBBBCADDDDBBBBBCADBCCCAAAAAAAADBCADDDDDBBBBBBBBBBBBBBBCCADBCCCADBCADDDBCADBBBBBBBBBBBBBCCCAAAAADBCAAAAAADBCADBBBCADBBCADBBBBCADDDDDBCADBBBBBBBBCADBCADDBBBBCADDBBBCADBCCCCCCCCAAAAAAAAAAAADBBBBBBBBBBBCADBCCCCCADBCAAAAAAAAADBCCCCCCCADBCCCCCCCADBCADBCADDDDDDDDBCAAAAAAAAADDDDDDDDDDDDDBCAAAAAAAAADBCCCCCCCAAAAAAAAAAAAAAADDBCADDDDDDDBCCCCCCCADBCCCCCCCCCCCCCCCCCCCCCCCCCCCCCCCCCCCADBCBBBADCCCCBBBADCCCCCCCCCCCBADCBADCBBBBBBBBBBBBADCBADCBBBBBBBBBAADCBBBBBBADCCCCCCBADCCCCCBADCBADDDDDDDDDCBADCBBBAAADDCBADCBADCCCCBBBBBBBBBBBBBBADDDDDCBADDDCBAAAADDDDCBBBBADCCCBADCBBADDDDDDDDDDCCCCCCCCCCCCBADCBAAADCBADDCBADCBADCCCBBBADCBBADCBBBBADCBADCBADCCCBAAADCBBBBBBBBBBBBBBAAAAADCBAAAAAAAADCBBBADCCCCCCBAAAADCBBBADDCBADCBADCBBBADDDDCBADCCCCCBADCCBAAADCBBBBBADCBADCCBADDDDDCCBBBBBADCBAAADDDDDDDDDDDCBADCBADDDDDDDDCBADCBADCCBAAADCBADCBBADCCCCCCCCCBADCCCCCCBADCBAAAAAAAADDDCBADCBBBAAAADDDCBAADCBBBADDDDDCCCCCCCBADCBAAAAAADCBBBBBBBBBBBADDDDDDCBADCBAAAAAAADCBADCBADCBBBBADCBADCCCCCCCBADCBBBBBBADDCCBADCCCBAADDDDDDDDDCBADCCCCBADCBADCCCCCCCBADCBAAAAAAAADCBAAAAAADCBBBADCBBBADCBADCBBBBBBBBBADCBADCBBBBADCBBBADCCBBAAAADCBADDDDDDDDCBAAADCCBADCBBBBADCBADACCCCCCCCCCCCCCCCBDACBBBBDACBBBBBBBBBBBBBDACBBDAAAAAACBBBBBDDDDDACBDACBDAAAAACCCCBCBBBDACBBBBBDAAAACBDACBDACBBBBBDACCCBDACCCCCCCCCCCCCCBDACBDACBBBBBDACBBBDACCCCCCBDACBDAAAAAAAAAAAAAAAACBDDACBBBBDACBDACCCCCCCCBDDAAAAACBDACCCCCCBDAAACBDDDDDACBBBBBBBBDDAACCCBDACBDACCCCCCBCCCCCCCCCCCCCCCCCCDABBBBCDABCDDDAAAAAAAAAAAAAABCCDABCDDDDDDDABCDAAAAAABCDDDDDDDDDDDDDABCDABBBBBBBBBBCDABCCCCCCCDAABCDABCDDDDDDABCDAAAABCDDDDDDDDABCCDABCCCDABCCDABCDAAAABCCDABCDABBCDABCDDDDABCDABBBCDABBCDABCCCCCCCCCCCCCCCCCCCCCCCCCCCCDABBBCDAAAAABCCCCDABCCCCDDDDDAAABBBBCDAAAABCDDDDDDDDDDDDDAAABCDABCDAAAAAABCDABCDDDDDABCCCCCCCDABCCCCCCCCCCCCCCCCCCCCCCDAAAAAAAAABCCDABBBCDAAAAABCDDDDDDDDDDDDABCCCDDDAAAAABCDDDDDDDDABCCCDABCDDDDDDDABCDDDABCCDABBBBBBCDABCCCCDAAAAAABCDAAAAABCCCDDABCDDABBBBBCDAABCDAAAAAAABCDDDDDDDABCDABCCCDABCDABBBBBBBCDDDDDDABCDAABBBBCCCCCCDABCCCDABBCDAABCDDDDDDDAAAABBBBBBBCDAAAAAABCDDDDABCCCCCCCCCCCCCCDABCCCCCCCCCCCCCCDABBBCCCCCCCCCCDAAAAAAABCDABCDAAAAAAAAAABCDDDAAAABCCCCCCCCCCCDABCCCDABCDABBBBBBBCDABCDAAAABBCDAAAAAAAAABCDABCCCCCCCCCCDABCDDDDDABCCDABCDDDDABBCDABCDDDAAAAAAABCCDDDDDABCCDABCCDABCDDABBBBBBBBCDAAAABCDABCDDDDDDDDDABCDAAAABBCDDABCDABCDABCDABCDABCDDDABCCCDDDDDDDDDABCCCDDDDDDDAAAABBBCDAAAAABCCDAAAABBBBBBBBCDABCCDDDDDDABCDDDDDDDDABCDDDDABCDDDDDABCCDDABBBBBCCCCDDDDDDDDDDABCDAAAABCDDDDDDDABBBBBBBCDABCCCCCCCCDDDAAAAAAAAAABCDABCCCCCCDABCCCCCCDABCDAAAABBBBBBBBBBBBBBCDDDABBCDAAAAAAAAAAABCDAAABCDDDDAAAAAAAABCDDDDABCCDAAAAAABBCDABCCDAAAAAAAAAAAAAAABCCCCCDABCDDDABCDDDDABCCDABCCDABCDAAAABCDABCDAAAAAAAAAAAAAAABCDABBBBBBCDABBBBBBBBBBBBBBCDAAABBCDAAAABCDABBBCDDAAAAABBCDABCDABCCCCCDDDDDDABCCCCDABBBBBBCDDDDDDABCDDDDDDDAAAAAAABCDABCCCCCCCCCCCCDAAAABBBCDABCCDABBBBBBCDABBBBBBCDAAAAAAABCDABCCCCCCCCDAAAAAABBCCCCDABBCDABCCCDABCDDDDABCCCCCCCCCCCCCCCCCDABCDDDDABCDABBBBBBBBBBBBCDDDABCDABCCCDAAAAAABCDABCDABCDABBBBBBBBBCDABBBBBBCDABCDDDABCCCCDABCCDABCCCDAAABCDAAAAAAAAABCCCCCCCCCCCCDDDDDDDDDDABCDAAAAAAAAAABCDABCDDDDDDDABCDABCCCCCCDABBBBBBBBBBCDABCCCCCCCCCCCCCDABCCCCCCCCCCCCCCCCCCCCCCDABCCCCCDAAABBBBBBBBBBCDABCCDABCCCCDABBBBBBBBBBCCDABCDDABCCCCCCCCCCCCCCCDABCCDABCDABCDAAAAAABCDABCCDDDDDDDDABCCDABBCDABBBBBCDAABBCDABBBBBBBBCCCDDDABCCDABBCCCCCCCDABCDDDDDDDDDDABCDDDDDDDDDDDDDDDDDDDDABCCCDABCDABCDABBBBBBBCDABBBBBCDABCDAAAAAAAAAAAAAAABCDDDDABCCCDABBBBBBBBCCCCCCCDAAABCDDDDDDDDDDDDABCDABCCCCCCCCCCCCCCCCCCCCCDABCDDABCCCCDDAABCDABBBBBBBBBBBBBBCDABBBBBBBBBBBBBBBCDABCCCCDCCCCCCCCCCCCABDCCABDDDDDDDDDCAAAAAAAAAAABDCCCCCCCAAAABDCCCABDCAAAAAAAAABDCAAABDCCCCCCCCCCCCABDCABBDDDDCABDCABBDCAAABBBBBDCCCCCCCCCCCCABBBBBBBBBBBBBDCAAAAAAABDCCCCCCABDCABDCABBBBBBBBBBBDCCCCCCCCCCCCCCCCCCCCCABDDDDDDDDDDDDDDDDDCABDCCCCCCCCCCCCCCCCCAAAABDCCCCABDDDDDDDDDDDDDDDDDDDDDCABDCABDCAAAAABDDDDDDDDDDDDDDDDCABDCAAAABDCAAAAAAAAAABDCAABDCCABDCCCCCCCCCCCCCCCCCCCCCCCCCCCABDDDDDDDDDDDDDDDDDDDDDDDDDDDDDDDCABBDCAAAAAABDCCCCCCCCCABBDCABDCCCAAABDCCCCCCCCCCABDCCCCCCCCCCCCCABDDCABDCABDCCCCCCCAAAABDCAAAAAAAAAAAABDCCABDCCCCCCCABDCABBBBBBBBBBBDCAAABDCAAAABBBBBDDDDDCCCCABDCAAAABDCCABDCABDCCCCABDCAABDCCCCCAAAAAABDCAAABBBBBDCCCCCCCCCCCCCCCCCCCCCABDCCCCCCCCCCCABDCCCCCCCCCCCCCCCCCABDCCCCCCCCCCCCABBDCCCCCCCCCCCABDDDDCCCCCCCCCCCCCCCCCCCCCCCCCCCCCCCCCCCCCCCABDBCADDDDDDDBCCAAAADBCADBCADBBBBBBBBBBBBCADDDDDDBCAAAAAADBCADDDDDDBBCADBBBBBBBBBBCCCADBCAADDBBCACDDDDDBACCCCCDBBBBBACDDDDDDDDBBAAAAAACDBBAACCCCCCCCCCCDBACCCCDBACDBBBBBACDBACDBACDDDDDBACDDBACDDDBAAAACDBAAAACDBBBBAAAAAAAAAACDBAACDDDDDDDDDDDDDDDBACCCCDBACDBBBBBBBBACDBACDBBACDBBBBBBBBBBAACCCCCDBACDBACCCCCCCCCCCCCCCCCDBACCCCCCCCCCCCCDBACDBACCCCCCDBACDBACDDDDDDDDDDDBACDBACCCDDDDBACCCDBAAAAACDBACDBAAACDBACCDBACDDDDDDBACDDDDDDDDDDDDDDDDDBBBACDBBACDBAAAAAACDDBBACDBBBACDBAAAAAAACDBACCDBACDDDDBAAACDBACCDDBACCCCCCCDBAAAACDBACDBACDBBBBBBBAAAAACDBACCCCDDDBBBBBBBBBACDBACCCDBACDBACDBAACDDDDDBAAAAAACDBACDDDDDDDDDDDDDDBBBBAACDBACDDDDDDDDDDBBBBBACDBACDBBAAACDBAACDBAAAAACDDDDDDBACCDBBBBBBAAACDDDDDBACDBAAACCDBACDBBBBACCCDBAAACDDDBBBAAAAAACDBBBBBBBBBBACDDDDDDDBACDDDBACDDDDDDDDDDDDDBACCCCCCCCCCCCCCCCCDBAAAAAACCCCDBACDDDDDDDBAAAAAAAAACDBAAAAACDBACDDDDBACDDBAAAACDBBAAAAAACDBBACDBACDBAAAAAAAAAACDBACDBACDDBACDBACDDDBACCCDBACDDBACDBACCDBACDBACCDBACCDBAAAAAAACDBACDBACDBAAAAAAAAAAAAAAAAAAAAACDDDDDBAAAAAAAAAAAAAAAAAAAAAAAAACCCDBAAAAAAACDBAAAAAAAACDBACDDDDBAAAAAAAACDDDDDDDBBBBACDBACCDBACDBACDDDDDDDDDDDDDDDDBBACDBBBACDDBACDBACDBACDBBBBBBBBBBBACDBACDBBBACDBBACDDDDDBBBAACDBACCCCCCCCCCCCCCCCCCCCCCCCCCCCCCDBACCCCCCCCCCCCDBACCCCCCCCCCCCCCCCCCCCCCCCCCDBACCCCCCCCCCCCCCCCCCCCCCCCCCCCCCCCCCCCCCCCCCCCCCCCCCCCCCCCCCCCCCDBACCCCDBACCCCCCCCCCCCCCCCCCCCCCCCCCCCCCCCCCCCCCCCCCCCCCCCCCCCCCCCCCCCCCCCCCCCCCCCCCCCCCCCCCCCCCCCCCDBACCCCCCCCCCCCCCCCCCCCCCCCCCCCCCCCCCDDDBACCCCCCCDDDDDDDDBACCCCCCCCCCCCCCCCDBACCCCCCCCCCCCCCCCCCCCCCCCCCCCCCCCCCCCCCCCCCCCCCCCCCCCCCCCCDBBBBBACCCCCCCDBBBBAAACDBBBBBBBBBBBBBBBBBACDDDDDDDDDDDDDBAACCCCCCCCCCCCCCCCCCCCCCCCCCCCCCCCCCCCCCCCCCCCCCCCCCCCCCCCCCCCCCCCCCCCCCCCCCCCCCDBACCCCCCCCCCCCCCCCCCCCCCCCCCCCCCCCCCCCCCCCCCDBACCDDDDBACCCCCCCCCCCCCCCCCCCCCCCCCCCCDBACCCCCCDBBBBBBBBBBBBBBACCCCCCCCCCCCCCCCCCCCDBACCCCCCCCCCCCCCCCCCCCCCCCCCCCCCCCCCCCCCCCCCCCCCCCCCCCCCDBACCCCCCCCCCCCCCCCCCCDBBBBBBBBBBBBBACDBACDBACCDBACACCCCCCCCCCCCCCCCCCCCCCCCCCCCCCCCCCCCCCCCCCCCCCCCCCCCCCCCCCCCCCCCCCCCCCCCCCCCCCCCCCCCCCCCDBACCCCCDBBBADBBADBDABDABBBBBBBBBBDDDABBBBDABBBBBDABBDABDDDDAABDAABDAAABDAABDABDABDDAABDDDABDDABDDDDDDDDDDDDDDDDABDAAAAAAAAAAAAAAAAAAAAAABDAAAAAAABBBBBDABBDDDDDDDABDABDAAAAABDAAAAAAAAAABDDABDDDDABDABDDDABDABDDDABDDDDDDDDDDABDDDDBADDDBAAADBADABDABDDDDDABDABBBBBDABBBBBBBBBBDABDABDABBBBBBBBDABDDDABDABDAAAAAABDDDDABDDDABDDABBBBBBBBBDDDABDABBDAAAAABBBDAAABDDDDDDDDABBBBBBBBBDAAAAAAAABDAAABBBDABDDDDAAAAABDDDDDABBDAAAAAABDAAAABDDAAAAAAAAAABDAAAAABDDDDDDDDDABDDDDDDDABDDDDDABDAAAAABDAAAAAAAAAABDAABDDDDDDDDDDABDABAAAADBADBBADDDDDBAAADBAAAADBAADBBADBBBBBADBBADDDDDDBADBBBADBBAAAAAAAAAAADBBBBBBBBBBBADBAAAAAAAAAAADBAAAADDDDDDDDDBADBBBBADBAAAAADBAAAAAADBADDDDDDDDDBAAAADBAADDDDDDDDBADDDDDDDDDDBAAAAADDDDDDDDBADDDDBBBBBBBBAADBAAAAAAAAAAAAADDDDDDDDBADBAAADDBBBADDBADDDDDBBBBBBADBBBADDDBAAAADBAAAAADBAAAAADDDDDDDBADDDDDBADDDBAAAAAADBADBAADBAADBAADBADBAADBADBBAAAADDDDDDDDDDDDBAAAADBADBBADDBADBAAADBBAAADBADDDDDDBAAAAAAAAAAAAADBAAAADBBBBBADBADBADDDDDDDBADDDDDDBBBBBADBAAAADBABBBBBDDABDDDDDABDDABDAAAAAAAAAAAAAAAAAAAAAAAAABDAAAAAAAAAAAABDABBBBDABDDDDDDDDDABBBBDDDDAAABDAAAAAAAAAAAABDAAAAAAAABBBBDADDDBBAAADDDDDDDDDDDDDDDDDDDDBADABAABBDDAABBDDAABBDDAABBDDAABBDDAABBDDDDDDDDAAAAAAABBDDAAABBBBBBBDABABBBBDDAAABDDDAABDDDDDDAABDDDDDDAAABDDDDDAAAAAAABBBBBBBBBBBBBDABDDAAAAAAAAAAAAAAAAAAAAAAAAAAAAAABDAABBDDDAAAABBDADDBBAADBAAAAAADBADDDDDBBBADBAAAAAAADDDDDDDDBADDDDBADBAAAAADBBBADBBBADBBBBBBBADDBADDDDDDDDBBBBBBADDBBAAAAAAADBABDDAABBDDAABBDDAAAAABBBBBBBBBBDABADDDDDDDDDDDDDDBADAAABDADDBBBBBBBADDBBBBBBBBADBADDBBBBBBADBBBBBBBBBBBBADBADDDBADAAAAABDAAAAAAAABDADBADDDDDDDBADAABBBBBBDAAABDDDDDDDDDAABBDABDABADBAADDBADABBDDAABBDDDDDAAAABBBBBDDDDDAABBBBBBBBBDDDDABDDDABDABDABBBBBBBBBDABBBDAAAAAAAABDDDDDABDDDDDDDDDDDDDDDDAAAAAAABBBDAAAAABDDDDDDDDDDDABDABBBBBBBDDDAAAABDABBDABBDDDDDAAABDDDDDDDDDDDDDDDABDDABBBBBBBBBBBBBBDABBBBBBBBDABBBBBDAAAAAAABDAAAAABBBDAABBBBBDABBBBBBBBBBBBBBDDABDBBBBBBBBADBBBAAAAAAAAAAAAAAADBAAAAADBADBAAAAAAAAAAAAAAAAAAAAADBADDDDDDBBBBBBADBBBBBADBDDDDDDDABDABDDDABBBDAAAABDAAABDDDDDABDAAAAAAAAAAAABDABDABBBBBBDABBDABBBBBDABDDABDDDDDABDABBBBBBBBBDABDABDAAAAAAABDABDAAAABDAAAAAAAABBBBBDDDDDDDABDDDABBBBBDAAAAABDDAAABBBBBBDDDDDDDABDABBBBDABDDDDABDABBBBBBDABDAAAAAAAAAAABDABDABBBBBDAAAAAAAAAAAAABDAABDABBBDDDABDAAAAAAAAAAAAABDADDBADDDBADDBBADBBBAAAAAAAADBBBBBAAADDDBADDDDDDDBAAAAAAAADBAADBBBADBADBADDDDDDDDDBADBBBBBAAADBADDBBBADBBBBAAAAAAAAAAAAAAAAAADBAAAADDDDDDBAAADBBADBBBAAAAAAAAAAAAAAAAADBBBBBBADBADDDBAAADBDABDDDDDDDDDDABDABDDAAAAAABDDDABDAAAABDDDAAAAAAAAAABDAAAAABDAABBBBBBBBBBBDDDDDDDDAAABBDDDAABBBBBBBBBDDDDDDABDDABDABBBBBBBBBDAAAABDAAAAAABDDDDDDDDDDDDDDAAAAAAAAAABDDDDAAAAAAAAAAAAAAAAAAAABBBBDAAAAABDABBBDDDDDDDDDDDDDABBBBBBDABDABBBBBDDDABDDDDDDDDDDDDDDABAAAAAAAAAAAADBAAAADBABBBBDABBBDABDABDDDDABDDDDDABBBBBBDDDDDDABBBBBDAAAAABDAAAAAABDDDDDDDDDABDABBBBBBBBBBBBDAAAAAAAAABDAABBBBBDABBBBBBBBBBBBBDABDABBDDDABBBBBBBBBDABDDABBDDABDAAABDAAAAABDAAABDDAAAABDDDDDDDDDDDDDAAAAAABDAABDAAAAABDDDABDDDDDDDABDDDDDABDDDDDDABDABBBBBBBBBBDAAABDABDDDDDDABDAAAABDAAABBBDDDABBBDDABDDABDAAAAAAAAABDDDDDABDABBDABBBBDABDDDDDDDDDDDDABDBBBBADDDBBADDDDBADBBBBBBBBBBBBADBAAAAAAAADBAAAAAADBADDDDDDDDBADDDBADDDDDDDDDDBBBAAADBADBBBBADBBBADBBBBBBBBADBBBBAAADBAAAADDDBAAAADBADDDDDDDDDBAADDDDDDBADDDBADBADBBBBBADBBBBBBBADBBBADDDDDDDDBADDDBAAAAAAADBBBBBBBBBAADBADDDDBADDDBADDDDDDDDDBAADDDDDDDDBADDDDDDDBADDDDDBADDDBAADDDDDDDBBADDDDBADDBADDDDDDDDDDDBADBBBBBBBBBADBBBAAAAAAAAAAAAAAADDDDDDBADBADBBAADDBADBBADDDBAAAADDDDDDBADBAAAADBADBBBADBDABDAAAABDABBDAAABDDDDDDDDDDDAAAAAAABDDDDABDDAAAABBDDDDDABBBBBBDAAAAAABDAABBDDDDDDDDDDABDDDDDAAAABDABDAAAABDAAAABDAABBBBDABDDDDDDDDDDABBBBBDABADDBBAAAADBAAAADBADBAAAAAAAADBADDDBADDDDBADBBBBADBBBBBADDBAAAADBBBBBBBBBADBADDDBABDDDABBBBBBBDAAAAAAAAABDABBBBBBBBBDABBDABDABBDABBBBBBBBBBBBBBBBBBBBBBBBBBBBBBDABDAABDABDDABDAABDAAABDDABDAAAAAAABDABBBBBBDDDDDDDABBDABDABBBDAAABDAAAABBBBBBBDAAAAABBBBDAAAAAAAAAAAAAAAAAAABDDDDDDABAAAAAABBBBBBBBBBBBBABBBBBAAAAAABAAAABABBBBABBAAAAAABAABAAAAABABBBABBBABBBBBBBBBBBABBBBBBAAAABAABBBABBABBABBBBBBBBBBBBBBBBBBBBBBBBBBBBBBBABAAABABABAAAAAAABAAAAAAAAABAABBAABAABBABBAAABABBABBAABAAAAAAABBBBBBBBBBBBBABBABABBAAABBBBAAABBBAAAAAAAABAAAAAAABABBABBAAABBBAAAAAAAABABBBABBBBBBBBBBAAAAAAAAABAAABAAAAAAAAABBAAAAAAAABBBBABBBBBBBBBABBAAAAAABBBBBBAAABABBAAABAAABBAAAAABABAAAAAAAAABAAAAAAAABAAABABABBBBBABBBBABAAAABAABAABBAABAABABAABAAAAAAAAAAABABBBBBBBBABBBBBBABBBBBBBABBBBBBBABBBABBBBBBBBBBBABABAAABAAAAABAABBAAAABAAABAAAAAAAAAABAAAAAABBBABBBBBBBBBBABABBABAAAAABABABBABBBBAAABABAAAAABABAAAAABBAAAABAAABAAABABAAABBBBBBABBBBBBBBBBAAAAAABBBBABBABBABBABBAAAABBBBBBBABBBBBABBBBBBBBBABBBABBAAAAAAAAAAAAAABAAAAABBBBBBBBABAAABBBBABBABBBAABABBAABAABBBBBBBBABBABBBBBBABBBBAAAABBBBBBBBBAABABABABABBBBBBBBBABBAABAABAAAAAAABAAABAAABAAABABABABABAAAAAAAAABABBBBABBAAAAAAAABAAAAAAABABBBAAAAABBBBBAABABBBBABBBBBAAABAAAABABBBBBABBAAAAAAAAAAAABBBBABBBBBBBBBBBBBBBBABABAABBBBAAAABAAAAAABAABAAAAABAABABAAAABBBABBAAAAAABAABAAAAAAAAAAAAAAAAAAAAAAAAAAAAAAAAAAAAABAAAABAABBABBBAAABBBABAAABBBBAAAABAAAAAAABAAAAAAAAAAABAAAAAAABAAAAABAAABAAAAABAABAAAAAABAAABBBAAAAAAAAAAAAAAAAAAAAAAAAAAAAAAAAAAAAAAAAAABAAAAAAAAAAABAAAAAAAAAAAAAAAAAAAABAAAAAABAABBBBBBBBBBBBBABAAABAAAAAAAAAAAAAAAAAAAAAAABABAAAAAAABAAAAAAAAAAAAAABAABAAAAAAAAAAAAAAAAAAAAAAABABBBBBBBABBBAAAAAAAAAAAAAAAAAAAAAAAABBAABBBBBABABBBABABBBBABBBBBBBAAABAABAABAABAAAABBABBBBBBBABBBBAAAAAABAABAAABAABABBABABBABBBBABABAAAAAAAAAAAAAAAAABABBBBBBBBBBBBBBBBBBBBBBBBBAAAAAAABAAAAAAAAABAAABAAAAAAAAAAAABAAAAAABABAAAABAAAAAAABAAAAAAAABAAAAAABBBBBBABBBBBABBABBABBBABABBBAAAAAAAAAAAAAAAAAAAAAAAAAAAAAAAAAAAAAAAAAAAAAAAAAAAAAAAAAAAAAAAAAAAAAAAAAAAAAAAAAAAAAAAAAAAAAAAAAAAAAAAAAAAAAAAAAAAAAAAAAAAAAAAAAAAAAAAAAAAAAAAAAAAAAAAAAAAAAAAAAAAAAAAAAAAAAAAAAAAAAAAAAAAAAAAAAAAAAAAAAAAAAAAAAAAAAAAAAAAAAAAAAAAAAAAAAAAAAAAAAAAAAAAAAAAAAAAAAAAAAAAAAAAAAAAAAAAAAAAAAAAAAAAAAAAAAAAAAAAAAAAAAAAAAAAAAAAAAAAAAAAAAAAAAAAAAAAAAAAAAAAAAAAAAAAAAAAAAAAAAAAAAA~/cs100/hw/hw3
khsie003@well $ clear[K[K[K[K[Kls -l
[00mtotal 6572
-rwx------ 1 khsie003 csmajs   44000 Oct 29 02:51 [00;32mfork[00m*
-rw------- 1 khsie003 csmajs    1873 Oct 29 02:48 [00mfork.cpp[00m
-rw------- 1 khsie003 csmajs 1480313 Oct 29 02:50 [00;31mhw3.tgz[00m
-rw------- 1 khsie003 csmajs    3388 Oct 28 21:01 [00mioExercise.cpp[00m
-rw------- 1 khsie003 csmajs 4950996 Oct 28 16:23 [00mlinux.words[00m
-rw------- 1 khsie003 csmajs     496 Oct 28 17:46 [00mMakefile[00m
-rw------- 1 khsie003 csmajs    4520 Oct 28 05:06 [00mString.cpp[00m
-rw------- 1 khsie003 csmajs    1781 Oct 28 05:07 [00mString.h[00m
-rw------- 1 khsie003 csmajs   66752 Oct 29 02:50 [00mString.o[00m
-rwx------ 1 khsie003 csmajs  112623 Oct 29 02:50 [00;32mtestString[00m*
-rw------- 1 khsie003 csmajs    9356 Oct 28 05:06 [00mtestString.cpp[00m
-rw------- 1 khsie003 csmajs    2700 Oct 24 16:03 [00mTimer.h[00m
-rw------- 1 khsie003 csmajs    1148 Oct 29 02:23 [00mviEdit.txt[00m
[m~/cs100/hw/hw3
khsie003@well $ make ioExercise.cpp [K[K[K[K[K
g++ -ggdb -W -Wall -Werror -ansi -pedantic ioExercise.cpp -o ioExercise
~/cs100/hw/hw3
khsie003@well $ ./ioExercise 
invalid operand
~/cs100/hw/hw3
khsie003@well $ ./ioExercise linux.words output.tt[Kxt 1

=====I/O with get(char), put(char)=====
WallClock Time:	0.399364
User Time:	0.273959
System Time:	0.013998

=====I/O with read(), write() with one char=====
WallClock Time:	8.02313
User Time:	0.940857
System Time:	6.87195

=====I/O with read(), write() with one buff=====
WallClock Time:	0.126059
User Time:	0
System Time:	0.019997
~/cs100/hw/hw3
khsie003@well $ ./ioExercise linux.words output.txt 10

=====I/O with get(char), put(char)=====
WallClock Time:	4.26175
User Time:	2.90156
System Time:	0.152977

=====I/O with read(), write() with one char=====
WallClock Time:	81.5708
User Time:	9.67053
System Time:	69.9004

=====I/O with read(), write() with one buff=====
WallClock Time:	1.30114
User Time:	0.002999
System Time:	0.177973
~/cs100/hw/hw3
khsie003@well $ exit
exit

Script done on Tue 29 Oct 2013 02:53:35 AM PDT
